../Core/Src/main.c:139:5:main	8	static
../Core/Src/main.c:230:6:SystemClock_Config	88	static
../Core/Src/main.c:278:13:MX_ADC1_Init	24	static
../Core/Src/main.c:334:13:MX_TIM2_Init	32	static
../Core/Src/main.c:377:13:MX_DMA_Init	16	static
../Core/Src/main.c:395:13:MX_GPIO_Init	40	static
../Core/Src/main.c:431:6:StackHandler	4	static
../Core/Src/main.c:481:6:OutputStack	16	static
../Core/Src/main.c:504:6:OutputHandler	8	static
../Core/Src/main.c:511:6:ReceiveHandler	8	static
../Core/Src/main.c:554:6:StartMenu	8	static
../Core/Src/main.c:566:6:IfReceivedV	8	static
../Core/Src/main.c:575:6:IfReceivedA	8	static
../Core/Src/main.c:585:6:IfReceivedL	8	static
../Core/Src/main.c:606:6:HAL_ADC_ConvCpltCallback	16	static
../Core/Src/main.c:629:6:ADC_Start	8	static
../Core/Src/main.c:635:6:ADC_Result	16	static
../Core/Src/main.c:668:6:button_state	8	static
../Core/Src/main.c:706:6:Error_Handler	4	static,ignoring_inline_asm
